[2026-02-21 16:30:17]
ACTION: Gradle Version Update
STATUS: SUCCESS
PURPOSE: Fixing 'Gradle 8 does not exist' error
DETAILS: Changed version to '8.0' in workflow and linked JAVA_HOME.
------------------------------------------------
[2026-02-21 16:30:17]
ACTION: AndroidX Enablement
STATUS: SUCCESS
PURPOSE: Fixing classpath metadata errors
DETAILS: Created gradle.properties with useAndroidX=true and enableJetifier=true.
------------------------------------------------
[2026-02-21 16:30:17]
ACTION: Resource Manifest Fix
STATUS: SUCCESS
PURPOSE: Fixing 'ic_launcher_round not found' error
DETAILS: Generated XML adaptive icons in mipmap-anydpi-v26.
------------------------------------------------
[2026-02-21 16:30:17]
ACTION: JVM Target Alignment
STATUS: SUCCESS
PURPOSE: Fixing KAPT/Kotlin target mismatch
DETAILS: Forced Java 17 and Kotlin jvmTarget 17 in app/build.gradle.
------------------------------------------------
